time=2026-07-30T04:48:07.118+03:00 level=INFO msg="replication gRPC server listening" nodeID=3 addr=127.0.0.1:6092
time=2026-07-30T04:48:07.118+03:00 level=INFO msg="control-plane gRPC server listening" nodeID=3 addr=127.0.0.1:7092
time=2026-07-30T04:48:07.129+03:00 level=INFO msg="[Discovery] Запуск отслеживания активных нод кластера..." nodeID=3
time=2026-07-30T04:48:07.129+03:00 level=DEBUG msg="Start election loop" nodeID=3 component=NodeCoordinator
time=2026-07-30T04:48:07.130+03:00 level=INFO msg="broker is running. Press Ctrl+C to stop." nodeID=3 nodeID=3 grpc=127.0.0.1:6092 tcp=127.0.0.1:5092
time=2026-07-30T04:48:07.129+03:00 level=INFO msg="[TopicWatcher] Запуск отслеживания назначений топиков..." nodeID=3
time=2026-07-30T04:48:07.130+03:00 level=INFO msg="Starting readloop" nodeID=3
time=2026-07-30T04:48:07.132+03:00 level=INFO msg="=== ТЕКУЩИЕ АКТИВНЫЕ НОДЫ В КЛАСТЕРЕ ===" nodeID=3
time=2026-07-30T04:48:07.132+03:00 level=INFO msg="Node ID: 1, Адрес: 127.0.0.1:6090 (Запущена в: 2026-07-30 04:48:07.118044236 +0300 MSK m=+0.013337342)\n" nodeID=3
time=2026-07-30T04:48:07.132+03:00 level=INFO msg="registered cluster peer" nodeID=3 peerID=1 addr=127.0.0.1:6090
time=2026-07-30T04:48:07.132+03:00 level=INFO msg="Node ID: 2, Адрес: 127.0.0.1:6091 (Запущена в: 2026-07-30 04:48:07.118390026 +0300 MSK m=+0.013313468)\n" nodeID=3
time=2026-07-30T04:48:07.132+03:00 level=INFO msg="registered cluster peer" nodeID=3 peerID=2 addr=127.0.0.1:6091
time=2026-07-30T04:48:07.132+03:00 level=INFO msg="Node ID: 3, Адрес: 127.0.0.1:6092 (Запущена в: 2026-07-30 04:48:07.118217146 +0300 MSK m=+0.012314457)\n" nodeID=3
time=2026-07-30T04:48:07.132+03:00 level=INFO msg="========================================" nodeID=3
time=2026-07-30T04:48:07.132+03:00 level=INFO msg="[Watcher] Запущен мониторинг глобального состояния контроллера кластера" nodeID=3
time=2026-07-30T04:48:07.133+03:00 level=DEBUG msg="Текущий Controller" nodeID=3 component=NodeCoordinator currentController=0
time=2026-07-30T04:48:07.133+03:00 level=DEBUG msg="Нода пытается стать Controller" nodeID=3 component=NodeCoordinator
time=2026-07-30T04:48:07.139+03:00 level=ERROR msg="[КЛАСТЕР] ↺ Нода ОБНОВИЛА данные: ID=3, Новый адрес=127.0.0.1:6092\n" nodeID=3
time=2026-07-30T04:48:07.139+03:00 level=INFO msg="setting epoch" nodeID=3 num=1
time=2026-07-30T04:48:07.140+03:00 level=INFO msg="★★★ УСПЕШНО СТАЛ Controller  ★★★" nodeID=3 component=NodeCoordinator nodeId=3 epoch=1
time=2026-07-30T04:48:07.143+03:00 level=ERROR msg="[КЛАСТЕР] ↺ Нода ОБНОВИЛА данные: ID=2, Новый адрес=127.0.0.1:6091\n" nodeID=3
time=2026-07-30T04:48:07.144+03:00 level=ERROR msg="[КЛАСТЕР] ↺ Нода ОБНОВИЛА данные: ID=1, Новый адрес=127.0.0.1:6090\n" nodeID=3
time=2026-07-30T04:49:15.853+03:00 level=INFO msg="[Controller] Топик создан" nodeID=3 topic=test-topic partitions=3 replicationFactor=3
time=2026-07-30T04:49:15.853+03:00 level=INFO msg="[TopicWatcher] Изменение топика" nodeID=3 topic=test-topic version=1
time=2026-07-30T04:49:15.854+03:00 level=INFO msg="Ensured topic" nodeID=3 name=test-topic
time=2026-07-30T04:49:15.855+03:00 level=INFO msg="Partition dynamically created" nodeID=3 topic=test-topic partition=0
time=2026-07-30T04:49:15.855+03:00 level=INFO msg="[TopicWatcher] Локально создана партиция по назначению из etcd" nodeID=3 topic=test-topic partition=0
time=2026-07-30T04:49:15.855+03:00 level=INFO msg="Partition dynamically created" nodeID=3 topic=test-topic partition=1
time=2026-07-30T04:49:15.855+03:00 level=INFO msg="[TopicWatcher] Локально создана партиция по назначению из etcd" nodeID=3 topic=test-topic partition=1
time=2026-07-30T04:49:15.855+03:00 level=INFO msg="RunCleanWorker start" nodeID=3 topic=test-topic component=[PartitionProcessor] partId=0 topic-partition=test-topic
time=2026-07-30T04:49:15.855+03:00 level=INFO msg="[CatchUp] Начинаем восстановление лога реплики" nodeID=3 topic=test-topic partition=0 leader=1
time=2026-07-30T04:49:15.855+03:00 level=INFO msg="RunCleanWorker start" nodeID=3 topic=test-topic component=[PartitionProcessor] partId=1 topic-partition=test-topic
time=2026-07-30T04:49:15.855+03:00 level=INFO msg="Partition dynamically created" nodeID=3 topic=test-topic partition=2
time=2026-07-30T04:49:15.855+03:00 level=INFO msg="[TopicWatcher] Локально создана партиция по назначению из etcd" nodeID=3 topic=test-topic partition=2
time=2026-07-30T04:49:15.855+03:00 level=INFO msg="[CatchUp] Начинаем восстановление лога реплики" nodeID=3 topic=test-topic partition=1 leader=2
time=2026-07-30T04:49:15.855+03:00 level=INFO msg="RunCleanWorker start" nodeID=3 topic=test-topic component=[PartitionProcessor] partId=2 topic-partition=test-topic
time=2026-07-30T04:49:15.857+03:00 level=INFO msg="partition caught up with leader and is now IN-SYNC" nodeID=3 topic=test-topic partition=1 offset=0 leader=2
time=2026-07-30T04:49:15.857+03:00 level=INFO msg="partition caught up with leader and is now IN-SYNC" nodeID=3 topic=test-topic partition=0 offset=0 leader=1
time=2026-07-30T04:49:15.875+03:00 level=INFO msg="[TopicWatcher] Изменение топика" nodeID=3 topic=test-topic version=2
time=2026-07-30T04:49:15.883+03:00 level=INFO msg="[TopicWatcher] Изменение топика" nodeID=3 topic=test-topic version=3
time=2026-07-30T04:49:15.987+03:00 level=INFO msg="[CatchUp] Реплика стала IN-SYNC" nodeID=3 topic=test-topic partition=0
time=2026-07-30T04:49:15.987+03:00 level=INFO msg="[TopicWatcher] Изменение топика" nodeID=3 topic=test-topic version=4
time=2026-07-30T04:49:15.992+03:00 level=INFO msg="[TopicWatcher] Изменение топика" nodeID=3 topic=test-topic version=5
time=2026-07-30T04:49:16.095+03:00 level=INFO msg="[TopicWatcher] Изменение топика" nodeID=3 topic=test-topic version=6
time=2026-07-30T04:49:16.095+03:00 level=INFO msg="[CatchUp] Реплика стала IN-SYNC" nodeID=3 topic=test-topic partition=1
time=2026-07-30T04:49:16.205+03:00 level=INFO msg="[TopicWatcher] Изменение топика" nodeID=3 topic=test-topic version=7
time=2026-07-30T04:49:25.855+03:00 level=INFO msg="RunCleanWorker triggered" nodeID=3 topic=test-topic component=[PartitionProcessor] partId=1 topic-partition=test-topic
time=2026-07-30T04:49:25.855+03:00 level=INFO msg="RunCleanWorker triggered" nodeID=3 topic=test-topic component=[PartitionProcessor] partId=0 topic-partition=test-topic
time=2026-07-30T04:49:25.855+03:00 level=INFO msg="RunCleanWorker triggered" nodeID=3 topic=test-topic component=[PartitionProcessor] partId=2 topic-partition=test-topic
time=2026-07-30T04:49:33.676+03:00 level=INFO msg="RunCleanWorker triggered" nodeID=3 topic=test-topic component=[PartitionProcessor] partId=1 topic-partition=test-topic
time=2026-07-30T04:49:33.676+03:00 level=INFO msg="RunCleanWorker triggered" nodeID=3 topic=test-topic component=[PartitionProcessor] partId=2 topic-partition=test-topic
time=2026-07-30T04:49:33.676+03:00 level=INFO msg="RunCleanWorker triggered" nodeID=3 topic=test-topic component=[PartitionProcessor] partId=0 topic-partition=test-topic
time=2026-07-30T04:49:43.676+03:00 level=INFO msg="RunCleanWorker triggered" nodeID=3 topic=test-topic component=[PartitionProcessor] partId=2 topic-partition=test-topic
time=2026-07-30T04:49:43.676+03:00 level=INFO msg="RunCleanWorker triggered" nodeID=3 topic=test-topic component=[PartitionProcessor] partId=1 topic-partition=test-topic
time=2026-07-30T04:49:43.676+03:00 level=INFO msg="RunCleanWorker triggered" nodeID=3 topic=test-topic component=[PartitionProcessor] partId=0 topic-partition=test-topic
time=2026-07-30T04:49:53.679+03:00 level=INFO msg="RunCleanWorker triggered" nodeID=3 topic=test-topic component=[PartitionProcessor] partId=1 topic-partition=test-topic
time=2026-07-30T04:49:53.679+03:00 level=INFO msg="RunCleanWorker triggered" nodeID=3 topic=test-topic component=[PartitionProcessor] partId=2 topic-partition=test-topic
time=2026-07-30T04:49:53.679+03:00 level=INFO msg="RunCleanWorker triggered" nodeID=3 topic=test-topic component=[PartitionProcessor] partId=0 topic-partition=test-topic
time=2026-07-30T04:50:01.470+03:00 level=INFO msg="RunCleanWorker triggered" nodeID=3 topic=test-topic component=[PartitionProcessor] partId=2 topic-partition=test-topic
time=2026-07-30T04:50:01.470+03:00 level=INFO msg="RunCleanWorker triggered" nodeID=3 topic=test-topic component=[PartitionProcessor] partId=0 topic-partition=test-topic
time=2026-07-30T04:50:01.470+03:00 level=INFO msg="RunCleanWorker triggered" nodeID=3 topic=test-topic component=[PartitionProcessor] partId=1 topic-partition=test-topic
time=2026-07-30T04:50:11.470+03:00 level=INFO msg="RunCleanWorker triggered" nodeID=3 topic=test-topic component=[PartitionProcessor] partId=1 topic-partition=test-topic
time=2026-07-30T04:50:11.470+03:00 level=INFO msg="RunCleanWorker triggered" nodeID=3 topic=test-topic component=[PartitionProcessor] partId=2 topic-partition=test-topic
time=2026-07-30T04:50:11.470+03:00 level=INFO msg="RunCleanWorker triggered" nodeID=3 topic=test-topic component=[PartitionProcessor] partId=0 topic-partition=test-topic
time=2026-07-30T04:50:21.470+03:00 level=INFO msg="RunCleanWorker triggered" nodeID=3 topic=test-topic component=[PartitionProcessor] partId=2 topic-partition=test-topic
time=2026-07-30T04:50:21.470+03:00 level=INFO msg="RunCleanWorker triggered" nodeID=3 topic=test-topic component=[PartitionProcessor] partId=1 topic-partition=test-topic
time=2026-07-30T04:50:21.470+03:00 level=INFO msg="RunCleanWorker triggered" nodeID=3 topic=test-topic component=[PartitionProcessor] partId=0 topic-partition=test-topic
time=2026-07-30T04:50:29.229+03:00 level=INFO msg="RunCleanWorker triggered" nodeID=3 topic=test-topic component=[PartitionProcessor] partId=1 topic-partition=test-topic
time=2026-07-30T04:50:29.229+03:00 level=INFO msg="RunCleanWorker triggered" nodeID=3 topic=test-topic component=[PartitionProcessor] partId=0 topic-partition=test-topic
time=2026-07-30T04:50:29.229+03:00 level=INFO msg="RunCleanWorker triggered" nodeID=3 topic=test-topic component=[PartitionProcessor] partId=2 topic-partition=test-topic
time=2026-07-30T04:50:39.243+03:00 level=INFO msg="RunCleanWorker triggered" nodeID=3 topic=test-topic component=[PartitionProcessor] partId=2 topic-partition=test-topic
time=2026-07-30T04:50:39.243+03:00 level=INFO msg="RunCleanWorker triggered" nodeID=3 topic=test-topic component=[PartitionProcessor] partId=0 topic-partition=test-topic
time=2026-07-30T04:50:39.243+03:00 level=INFO msg="RunCleanWorker triggered" nodeID=3 topic=test-topic component=[PartitionProcessor] partId=1 topic-partition=test-topic
time=2026-07-30T04:50:49.229+03:00 level=INFO msg="RunCleanWorker triggered" nodeID=3 topic=test-topic component=[PartitionProcessor] partId=1 topic-partition=test-topic
time=2026-07-30T04:50:49.229+03:00 level=INFO msg="RunCleanWorker triggered" nodeID=3 topic=test-topic component=[PartitionProcessor] partId=0 topic-partition=test-topic
time=2026-07-30T04:50:49.229+03:00 level=INFO msg="RunCleanWorker triggered" nodeID=3 topic=test-topic component=[PartitionProcessor] partId=2 topic-partition=test-topic
time=2026-07-30T04:50:57.021+03:00 level=INFO msg="RunCleanWorker triggered" nodeID=3 topic=test-topic component=[PartitionProcessor] partId=1 topic-partition=test-topic
time=2026-07-30T04:50:57.021+03:00 level=INFO msg="RunCleanWorker triggered" nodeID=3 topic=test-topic component=[PartitionProcessor] partId=2 topic-partition=test-topic
time=2026-07-30T04:50:57.021+03:00 level=INFO msg="RunCleanWorker triggered" nodeID=3 topic=test-topic component=[PartitionProcessor] partId=0 topic-partition=test-topic
time=2026-07-30T04:51:07.018+03:00 level=INFO msg="RunCleanWorker triggered" nodeID=3 topic=test-topic component=[PartitionProcessor] partId=1 topic-partition=test-topic
time=2026-07-30T04:51:07.018+03:00 level=INFO msg="RunCleanWorker triggered" nodeID=3 topic=test-topic component=[PartitionProcessor] partId=2 topic-partition=test-topic
time=2026-07-30T04:51:07.018+03:00 level=INFO msg="RunCleanWorker triggered" nodeID=3 topic=test-topic component=[PartitionProcessor] partId=0 topic-partition=test-topic
time=2026-07-30T04:51:17.019+03:00 level=INFO msg="RunCleanWorker triggered" nodeID=3 topic=test-topic component=[PartitionProcessor] partId=1 topic-partition=test-topic
time=2026-07-30T04:51:17.019+03:00 level=INFO msg="RunCleanWorker triggered" nodeID=3 topic=test-topic component=[PartitionProcessor] partId=2 topic-partition=test-topic
time=2026-07-30T04:51:17.019+03:00 level=INFO msg="RunCleanWorker triggered" nodeID=3 topic=test-topic component=[PartitionProcessor] partId=0 topic-partition=test-topic
time=2026-07-30T04:51:24.800+03:00 level=INFO msg="RunCleanWorker triggered" nodeID=3 topic=test-topic component=[PartitionProcessor] partId=2 topic-partition=test-topic
time=2026-07-30T04:51:24.800+03:00 level=INFO msg="RunCleanWorker triggered" nodeID=3 topic=test-topic component=[PartitionProcessor] partId=1 topic-partition=test-topic
time=2026-07-30T04:51:24.800+03:00 level=INFO msg="RunCleanWorker triggered" nodeID=3 topic=test-topic component=[PartitionProcessor] partId=0 topic-partition=test-topic
time=2026-07-30T04:51:34.798+03:00 level=INFO msg="RunCleanWorker triggered" nodeID=3 topic=test-topic component=[PartitionProcessor] partId=1 topic-partition=test-topic
time=2026-07-30T04:51:34.798+03:00 level=INFO msg="RunCleanWorker triggered" nodeID=3 topic=test-topic component=[PartitionProcessor] partId=2 topic-partition=test-topic
time=2026-07-30T04:51:34.798+03:00 level=INFO msg="RunCleanWorker triggered" nodeID=3 topic=test-topic component=[PartitionProcessor] partId=0 topic-partition=test-topic
time=2026-07-30T04:51:44.798+03:00 level=INFO msg="RunCleanWorker triggered" nodeID=3 topic=test-topic component=[PartitionProcessor] partId=2 topic-partition=test-topic
time=2026-07-30T04:51:44.798+03:00 level=INFO msg="RunCleanWorker triggered" nodeID=3 topic=test-topic component=[PartitionProcessor] partId=0 topic-partition=test-topic
time=2026-07-30T04:51:44.798+03:00 level=INFO msg="RunCleanWorker triggered" nodeID=3 topic=test-topic component=[PartitionProcessor] partId=1 topic-partition=test-topic
time=2026-07-30T04:51:52.612+03:00 level=INFO msg="RunCleanWorker triggered" nodeID=3 topic=test-topic component=[PartitionProcessor] partId=2 topic-partition=test-topic
time=2026-07-30T04:51:52.612+03:00 level=INFO msg="RunCleanWorker triggered" nodeID=3 topic=test-topic component=[PartitionProcessor] partId=1 topic-partition=test-topic
time=2026-07-30T04:51:52.612+03:00 level=INFO msg="RunCleanWorker triggered" nodeID=3 topic=test-topic component=[PartitionProcessor] partId=0 topic-partition=test-topic
time=2026-07-30T04:52:02.591+03:00 level=INFO msg="RunCleanWorker triggered" nodeID=3 topic=test-topic component=[PartitionProcessor] partId=2 topic-partition=test-topic
time=2026-07-30T04:52:02.591+03:00 level=INFO msg="RunCleanWorker triggered" nodeID=3 topic=test-topic component=[PartitionProcessor] partId=1 topic-partition=test-topic
time=2026-07-30T04:52:02.591+03:00 level=INFO msg="RunCleanWorker triggered" nodeID=3 topic=test-topic component=[PartitionProcessor] partId=0 topic-partition=test-topic
time=2026-07-30T04:52:12.591+03:00 level=INFO msg="RunCleanWorker triggered" nodeID=3 topic=test-topic component=[PartitionProcessor] partId=2 topic-partition=test-topic
time=2026-07-30T04:52:12.591+03:00 level=INFO msg="RunCleanWorker triggered" nodeID=3 topic=test-topic component=[PartitionProcessor] partId=1 topic-partition=test-topic
time=2026-07-30T04:52:12.591+03:00 level=INFO msg="RunCleanWorker triggered" nodeID=3 topic=test-topic component=[PartitionProcessor] partId=0 topic-partition=test-topic
time=2026-07-30T04:52:20.337+03:00 level=INFO msg="RunCleanWorker triggered" nodeID=3 topic=test-topic component=[PartitionProcessor] partId=1 topic-partition=test-topic
time=2026-07-30T04:52:20.337+03:00 level=INFO msg="RunCleanWorker triggered" nodeID=3 topic=test-topic component=[PartitionProcessor] partId=0 topic-partition=test-topic
time=2026-07-30T04:52:20.337+03:00 level=INFO msg="RunCleanWorker triggered" nodeID=3 topic=test-topic component=[PartitionProcessor] partId=2 topic-partition=test-topic
time=2026-07-30T04:52:30.362+03:00 level=INFO msg="RunCleanWorker triggered" nodeID=3 topic=test-topic component=[PartitionProcessor] partId=0 topic-partition=test-topic
time=2026-07-30T04:52:30.362+03:00 level=INFO msg="RunCleanWorker triggered" nodeID=3 topic=test-topic component=[PartitionProcessor] partId=2 topic-partition=test-topic
time=2026-07-30T04:52:30.362+03:00 level=INFO msg="RunCleanWorker triggered" nodeID=3 topic=test-topic component=[PartitionProcessor] partId=1 topic-partition=test-topic
time=2026-07-30T04:52:40.362+03:00 level=INFO msg="RunCleanWorker triggered" nodeID=3 topic=test-topic component=[PartitionProcessor] partId=2 topic-partition=test-topic
time=2026-07-30T04:52:40.362+03:00 level=INFO msg="RunCleanWorker triggered" nodeID=3 topic=test-topic component=[PartitionProcessor] partId=0 topic-partition=test-topic
time=2026-07-30T04:52:40.362+03:00 level=INFO msg="RunCleanWorker triggered" nodeID=3 topic=test-topic component=[PartitionProcessor] partId=1 topic-partition=test-topic
time=2026-07-30T04:52:48.064+03:00 level=INFO msg="RunCleanWorker triggered" nodeID=3 topic=test-topic component=[PartitionProcessor] partId=0 topic-partition=test-topic
time=2026-07-30T04:52:48.064+03:00 level=INFO msg="RunCleanWorker triggered" nodeID=3 topic=test-topic component=[PartitionProcessor] partId=1 topic-partition=test-topic
time=2026-07-30T04:52:48.064+03:00 level=INFO msg="RunCleanWorker triggered" nodeID=3 topic=test-topic component=[PartitionProcessor] partId=2 topic-partition=test-topic
time=2026-07-30T04:52:58.048+03:00 level=INFO msg="RunCleanWorker triggered" nodeID=3 topic=test-topic component=[PartitionProcessor] partId=1 topic-partition=test-topic
time=2026-07-30T04:52:58.048+03:00 level=INFO msg="RunCleanWorker triggered" nodeID=3 topic=test-topic component=[PartitionProcessor] partId=0 topic-partition=test-topic
time=2026-07-30T04:52:58.048+03:00 level=INFO msg="RunCleanWorker triggered" nodeID=3 topic=test-topic component=[PartitionProcessor] partId=2 topic-partition=test-topic
time=2026-07-30T04:53:08.055+03:00 level=INFO msg="RunCleanWorker triggered" nodeID=3 topic=test-topic component=[PartitionProcessor] partId=2 topic-partition=test-topic
time=2026-07-30T04:53:08.055+03:00 level=INFO msg="RunCleanWorker triggered" nodeID=3 topic=test-topic component=[PartitionProcessor] partId=1 topic-partition=test-topic
time=2026-07-30T04:53:08.055+03:00 level=INFO msg="RunCleanWorker triggered" nodeID=3 topic=test-topic component=[PartitionProcessor] partId=0 topic-partition=test-topic
time=2026-07-30T04:53:15.842+03:00 level=INFO msg="RunCleanWorker triggered" nodeID=3 topic=test-topic component=[PartitionProcessor] partId=0 topic-partition=test-topic
time=2026-07-30T04:53:15.842+03:00 level=INFO msg="RunCleanWorker triggered" nodeID=3 topic=test-topic component=[PartitionProcessor] partId=1 topic-partition=test-topic
time=2026-07-30T04:53:15.842+03:00 level=INFO msg="RunCleanWorker triggered" nodeID=3 topic=test-topic component=[PartitionProcessor] partId=2 topic-partition=test-topic
time=2026-07-30T04:53:25.843+03:00 level=INFO msg="RunCleanWorker triggered" nodeID=3 topic=test-topic component=[PartitionProcessor] partId=0 topic-partition=test-topic
time=2026-07-30T04:53:25.844+03:00 level=INFO msg="RunCleanWorker triggered" nodeID=3 topic=test-topic component=[PartitionProcessor] partId=2 topic-partition=test-topic
time=2026-07-30T04:53:25.843+03:00 level=INFO msg="RunCleanWorker triggered" nodeID=3 topic=test-topic component=[PartitionProcessor] partId=1 topic-partition=test-topic
time=2026-07-30T04:53:35.847+03:00 level=INFO msg="RunCleanWorker triggered" nodeID=3 topic=test-topic component=[PartitionProcessor] partId=2 topic-partition=test-topic
time=2026-07-30T04:53:35.847+03:00 level=INFO msg="RunCleanWorker triggered" nodeID=3 topic=test-topic component=[PartitionProcessor] partId=1 topic-partition=test-topic
time=2026-07-30T04:53:35.847+03:00 level=INFO msg="RunCleanWorker triggered" nodeID=3 topic=test-topic component=[PartitionProcessor] partId=0 topic-partition=test-topic
time=2026-07-30T04:53:43.600+03:00 level=INFO msg="RunCleanWorker triggered" nodeID=3 topic=test-topic component=[PartitionProcessor] partId=1 topic-partition=test-topic
time=2026-07-30T04:53:43.600+03:00 level=INFO msg="RunCleanWorker triggered" nodeID=3 topic=test-topic component=[PartitionProcessor] partId=0 topic-partition=test-topic
time=2026-07-30T04:53:43.600+03:00 level=INFO msg="RunCleanWorker triggered" nodeID=3 topic=test-topic component=[PartitionProcessor] partId=2 topic-partition=test-topic
time=2026-07-30T04:53:53.606+03:00 level=INFO msg="RunCleanWorker triggered" nodeID=3 topic=test-topic component=[PartitionProcessor] partId=2 topic-partition=test-topic
time=2026-07-30T04:53:53.606+03:00 level=INFO msg="RunCleanWorker triggered" nodeID=3 topic=test-topic component=[PartitionProcessor] partId=1 topic-partition=test-topic
time=2026-07-30T04:53:53.606+03:00 level=INFO msg="RunCleanWorker triggered" nodeID=3 topic=test-topic component=[PartitionProcessor] partId=0 topic-partition=test-topic
time=2026-07-30T04:54:03.619+03:00 level=INFO msg="RunCleanWorker triggered" nodeID=3 topic=test-topic component=[PartitionProcessor] partId=2 topic-partition=test-topic
time=2026-07-30T04:54:03.619+03:00 level=INFO msg="RunCleanWorker triggered" nodeID=3 topic=test-topic component=[PartitionProcessor] partId=1 topic-partition=test-topic
time=2026-07-30T04:54:03.619+03:00 level=INFO msg="RunCleanWorker triggered" nodeID=3 topic=test-topic component=[PartitionProcessor] partId=0 topic-partition=test-topic
time=2026-07-30T04:54:11.306+03:00 level=INFO msg="RunCleanWorker triggered" nodeID=3 topic=test-topic component=[PartitionProcessor] partId=0 topic-partition=test-topic
time=2026-07-30T04:54:11.306+03:00 level=INFO msg="RunCleanWorker triggered" nodeID=3 topic=test-topic component=[PartitionProcessor] partId=1 topic-partition=test-topic
time=2026-07-30T04:54:11.306+03:00 level=INFO msg="RunCleanWorker triggered" nodeID=3 topic=test-topic component=[PartitionProcessor] partId=2 topic-partition=test-topic
time=2026-07-30T04:54:21.310+03:00 level=INFO msg="RunCleanWorker triggered" nodeID=3 topic=test-topic component=[PartitionProcessor] partId=0 topic-partition=test-topic
time=2026-07-30T04:54:21.310+03:00 level=INFO msg="RunCleanWorker triggered" nodeID=3 topic=test-topic component=[PartitionProcessor] partId=2 topic-partition=test-topic
time=2026-07-30T04:54:21.310+03:00 level=INFO msg="RunCleanWorker triggered" nodeID=3 topic=test-topic component=[PartitionProcessor] partId=1 topic-partition=test-topic
time=2026-07-30T04:54:31.307+03:00 level=INFO msg="RunCleanWorker triggered" nodeID=3 topic=test-topic component=[PartitionProcessor] partId=1 topic-partition=test-topic
time=2026-07-30T04:54:31.307+03:00 level=INFO msg="RunCleanWorker triggered" nodeID=3 topic=test-topic component=[PartitionProcessor] partId=2 topic-partition=test-topic
time=2026-07-30T04:54:31.307+03:00 level=INFO msg="RunCleanWorker triggered" nodeID=3 topic=test-topic component=[PartitionProcessor] partId=0 topic-partition=test-topic
time=2026-07-30T04:54:39.083+03:00 level=INFO msg="RunCleanWorker triggered" nodeID=3 topic=test-topic component=[PartitionProcessor] partId=2 topic-partition=test-topic
time=2026-07-30T04:54:39.083+03:00 level=INFO msg="RunCleanWorker triggered" nodeID=3 topic=test-topic component=[PartitionProcessor] partId=1 topic-partition=test-topic
time=2026-07-30T04:54:39.083+03:00 level=INFO msg="RunCleanWorker triggered" nodeID=3 topic=test-topic component=[PartitionProcessor] partId=0 topic-partition=test-topic
time=2026-07-30T04:54:49.102+03:00 level=INFO msg="RunCleanWorker triggered" nodeID=3 topic=test-topic component=[PartitionProcessor] partId=1 topic-partition=test-topic
time=2026-07-30T04:54:49.102+03:00 level=INFO msg="RunCleanWorker triggered" nodeID=3 topic=test-topic component=[PartitionProcessor] partId=0 topic-partition=test-topic
time=2026-07-30T04:54:49.102+03:00 level=INFO msg="RunCleanWorker triggered" nodeID=3 topic=test-topic component=[PartitionProcessor] partId=2 topic-partition=test-topic
time=2026-07-30T04:54:59.082+03:00 level=INFO msg="RunCleanWorker triggered" nodeID=3 topic=test-topic component=[PartitionProcessor] partId=0 topic-partition=test-topic
time=2026-07-30T04:54:59.082+03:00 level=INFO msg="RunCleanWorker triggered" nodeID=3 topic=test-topic component=[PartitionProcessor] partId=2 topic-partition=test-topic
time=2026-07-30T04:54:59.082+03:00 level=INFO msg="RunCleanWorker triggered" nodeID=3 topic=test-topic component=[PartitionProcessor] partId=1 topic-partition=test-topic
time=2026-07-30T04:55:06.830+03:00 level=INFO msg="RunCleanWorker triggered" nodeID=3 topic=test-topic component=[PartitionProcessor] partId=0 topic-partition=test-topic
time=2026-07-30T04:55:06.830+03:00 level=INFO msg="RunCleanWorker triggered" nodeID=3 topic=test-topic component=[PartitionProcessor] partId=2 topic-partition=test-topic
time=2026-07-30T04:55:06.830+03:00 level=INFO msg="RunCleanWorker triggered" nodeID=3 topic=test-topic component=[PartitionProcessor] partId=1 topic-partition=test-topic
time=2026-07-30T04:55:16.832+03:00 level=INFO msg="RunCleanWorker triggered" nodeID=3 topic=test-topic component=[PartitionProcessor] partId=0 topic-partition=test-topic
time=2026-07-30T04:55:16.833+03:00 level=INFO msg="RunCleanWorker triggered" nodeID=3 topic=test-topic component=[PartitionProcessor] partId=2 topic-partition=test-topic
time=2026-07-30T04:55:16.833+03:00 level=INFO msg="RunCleanWorker triggered" nodeID=3 topic=test-topic component=[PartitionProcessor] partId=1 topic-partition=test-topic
time=2026-07-30T04:55:26.827+03:00 level=INFO msg="RunCleanWorker triggered" nodeID=3 topic=test-topic component=[PartitionProcessor] partId=2 topic-partition=test-topic
time=2026-07-30T04:55:26.827+03:00 level=INFO msg="RunCleanWorker triggered" nodeID=3 topic=test-topic component=[PartitionProcessor] partId=0 topic-partition=test-topic
time=2026-07-30T04:55:26.827+03:00 level=INFO msg="RunCleanWorker triggered" nodeID=3 topic=test-topic component=[PartitionProcessor] partId=1 topic-partition=test-topic
time=2026-07-30T04:55:34.505+03:00 level=INFO msg="RunCleanWorker triggered" nodeID=3 topic=test-topic component=[PartitionProcessor] partId=1 topic-partition=test-topic
time=2026-07-30T04:55:34.505+03:00 level=INFO msg="RunCleanWorker triggered" nodeID=3 topic=test-topic component=[PartitionProcessor] partId=2 topic-partition=test-topic
time=2026-07-30T04:55:34.505+03:00 level=INFO msg="RunCleanWorker triggered" nodeID=3 topic=test-topic component=[PartitionProcessor] partId=0 topic-partition=test-topic
time=2026-07-30T04:55:44.504+03:00 level=INFO msg="RunCleanWorker triggered" nodeID=3 topic=test-topic component=[PartitionProcessor] partId=0 topic-partition=test-topic
time=2026-07-30T04:55:44.504+03:00 level=INFO msg="RunCleanWorker triggered" nodeID=3 topic=test-topic component=[PartitionProcessor] partId=2 topic-partition=test-topic
time=2026-07-30T04:55:44.504+03:00 level=INFO msg="RunCleanWorker triggered" nodeID=3 topic=test-topic component=[PartitionProcessor] partId=1 topic-partition=test-topic
time=2026-07-30T04:55:54.505+03:00 level=INFO msg="RunCleanWorker triggered" nodeID=3 topic=test-topic component=[PartitionProcessor] partId=0 topic-partition=test-topic
time=2026-07-30T04:55:54.505+03:00 level=INFO msg="RunCleanWorker triggered" nodeID=3 topic=test-topic component=[PartitionProcessor] partId=1 topic-partition=test-topic
time=2026-07-30T04:55:54.505+03:00 level=INFO msg="RunCleanWorker triggered" nodeID=3 topic=test-topic component=[PartitionProcessor] partId=2 topic-partition=test-topic
time=2026-07-30T04:56:02.205+03:00 level=INFO msg="RunCleanWorker triggered" nodeID=3 topic=test-topic component=[PartitionProcessor] partId=2 topic-partition=test-topic
time=2026-07-30T04:56:02.205+03:00 level=INFO msg="RunCleanWorker triggered" nodeID=3 topic=test-topic component=[PartitionProcessor] partId=1 topic-partition=test-topic
time=2026-07-30T04:56:02.205+03:00 level=INFO msg="RunCleanWorker triggered" nodeID=3 topic=test-topic component=[PartitionProcessor] partId=0 topic-partition=test-topic
time=2026-07-30T04:56:09.279+03:00 level=ERROR msg="[КЛАСТЕР] <<< Нода ОТКЛЮЧИЛАСЬ или УПАЛА: ID=2\n" nodeID=3
time=2026-07-30T04:56:09.279+03:00 level=ERROR msg="Последний известный адрес ноды 2 был: 127.0.0.1:6091\n" nodeID=3
time=2026-07-30T04:56:09.279+03:00 level=INFO msg="removed cluster peer" nodeID=3 peerID=2
time=2026-07-30T04:56:09.279+03:00 level=WARN msg="[Controller] Обнаружено выбытие ноды, запускаем реконфигурацию партиций" nodeID=3 deadNode=2
time=2026-07-30T04:56:09.282+03:00 level=INFO msg="[Controller] Выбывшая нода удалена из партиции" nodeID=3 topic=test-topic partition=0 deadNode=2
time=2026-07-30T04:56:09.282+03:00 level=INFO msg="[TopicWatcher] Изменение топика" nodeID=3 topic=test-topic version=8
time=2026-07-30T04:56:09.283+03:00 level=WARN msg="[Controller] Нет свободной Unroled-ноды для назначения на партицию" nodeID=3 topic=test-topic partition=0
time=2026-07-30T04:56:09.286+03:00 level=INFO msg="[TopicWatcher] Изменение топика" nodeID=3 topic=test-topic version=9
time=2026-07-30T04:56:09.286+03:00 level=INFO msg="[Controller] Выбывшая нода удалена из партиции" nodeID=3 topic=test-topic partition=1 deadNode=2
time=2026-07-30T04:56:09.287+03:00 level=WARN msg="[Controller] Нет свободной Unroled-ноды для назначения на партицию" nodeID=3 topic=test-topic partition=1
time=2026-07-30T04:56:09.290+03:00 level=INFO msg="[TopicWatcher] Изменение топика" nodeID=3 topic=test-topic version=10
time=2026-07-30T04:56:09.290+03:00 level=INFO msg="[Controller] Выбывшая нода удалена из партиции" nodeID=3 topic=test-topic partition=2 deadNode=2
time=2026-07-30T04:56:09.291+03:00 level=WARN msg="[Controller] Нет свободной Unroled-ноды для назначения на партицию" nodeID=3 topic=test-topic partition=2
time=2026-07-30T04:56:12.213+03:00 level=INFO msg="RunCleanWorker triggered" nodeID=3 topic=test-topic component=[PartitionProcessor] partId=0 topic-partition=test-topic
time=2026-07-30T04:56:12.213+03:00 level=INFO msg="RunCleanWorker triggered" nodeID=3 topic=test-topic component=[PartitionProcessor] partId=1 topic-partition=test-topic
time=2026-07-30T04:56:12.213+03:00 level=INFO msg="RunCleanWorker triggered" nodeID=3 topic=test-topic component=[PartitionProcessor] partId=2 topic-partition=test-topic
time=2026-07-30T04:56:22.204+03:00 level=INFO msg="RunCleanWorker triggered" nodeID=3 topic=test-topic component=[PartitionProcessor] partId=2 topic-partition=test-topic
time=2026-07-30T04:56:22.204+03:00 level=INFO msg="RunCleanWorker triggered" nodeID=3 topic=test-topic component=[PartitionProcessor] partId=1 topic-partition=test-topic
time=2026-07-30T04:56:22.204+03:00 level=INFO msg="RunCleanWorker triggered" nodeID=3 topic=test-topic component=[PartitionProcessor] partId=0 topic-partition=test-topic
time=2026-07-30T04:56:29.909+03:00 level=INFO msg="RunCleanWorker triggered" nodeID=3 topic=test-topic component=[PartitionProcessor] partId=0 topic-partition=test-topic
time=2026-07-30T04:56:29.909+03:00 level=INFO msg="RunCleanWorker triggered" nodeID=3 topic=test-topic component=[PartitionProcessor] partId=2 topic-partition=test-topic
time=2026-07-30T04:56:29.909+03:00 level=INFO msg="RunCleanWorker triggered" nodeID=3 topic=test-topic component=[PartitionProcessor] partId=1 topic-partition=test-topic
time=2026-07-30T04:56:39.912+03:00 level=INFO msg="RunCleanWorker triggered" nodeID=3 topic=test-topic component=[PartitionProcessor] partId=1 topic-partition=test-topic
time=2026-07-30T04:56:39.912+03:00 level=INFO msg="RunCleanWorker triggered" nodeID=3 topic=test-topic component=[PartitionProcessor] partId=2 topic-partition=test-topic
time=2026-07-30T04:56:39.912+03:00 level=INFO msg="RunCleanWorker triggered" nodeID=3 topic=test-topic component=[PartitionProcessor] partId=0 topic-partition=test-topic
time=2026-07-30T04:56:49.915+03:00 level=INFO msg="RunCleanWorker triggered" nodeID=3 topic=test-topic component=[PartitionProcessor] partId=2 topic-partition=test-topic
time=2026-07-30T04:56:49.915+03:00 level=INFO msg="RunCleanWorker triggered" nodeID=3 topic=test-topic component=[PartitionProcessor] partId=0 topic-partition=test-topic
time=2026-07-30T04:56:49.915+03:00 level=INFO msg="RunCleanWorker triggered" nodeID=3 topic=test-topic component=[PartitionProcessor] partId=1 topic-partition=test-topic
time=2026-07-30T04:56:57.675+03:00 level=INFO msg="RunCleanWorker triggered" nodeID=3 topic=test-topic component=[PartitionProcessor] partId=1 topic-partition=test-topic
time=2026-07-30T04:56:57.675+03:00 level=INFO msg="RunCleanWorker triggered" nodeID=3 topic=test-topic component=[PartitionProcessor] partId=2 topic-partition=test-topic
time=2026-07-30T04:56:57.675+03:00 level=INFO msg="RunCleanWorker triggered" nodeID=3 topic=test-topic component=[PartitionProcessor] partId=0 topic-partition=test-topic
time=2026-07-30T04:57:07.670+03:00 level=INFO msg="RunCleanWorker triggered" nodeID=3 topic=test-topic component=[PartitionProcessor] partId=2 topic-partition=test-topic
time=2026-07-30T04:57:07.670+03:00 level=INFO msg="RunCleanWorker triggered" nodeID=3 topic=test-topic component=[PartitionProcessor] partId=0 topic-partition=test-topic
time=2026-07-30T04:57:07.670+03:00 level=INFO msg="RunCleanWorker triggered" nodeID=3 topic=test-topic component=[PartitionProcessor] partId=1 topic-partition=test-topic
time=2026-07-30T04:57:17.672+03:00 level=INFO msg="RunCleanWorker triggered" nodeID=3 topic=test-topic component=[PartitionProcessor] partId=2 topic-partition=test-topic
time=2026-07-30T04:57:17.672+03:00 level=INFO msg="RunCleanWorker triggered" nodeID=3 topic=test-topic component=[PartitionProcessor] partId=0 topic-partition=test-topic
time=2026-07-30T04:57:17.672+03:00 level=INFO msg="RunCleanWorker triggered" nodeID=3 topic=test-topic component=[PartitionProcessor] partId=1 topic-partition=test-topic
time=2026-07-30T04:57:25.419+03:00 level=INFO msg="RunCleanWorker triggered" nodeID=3 topic=test-topic component=[PartitionProcessor] partId=2 topic-partition=test-topic
time=2026-07-30T04:57:25.419+03:00 level=INFO msg="RunCleanWorker triggered" nodeID=3 topic=test-topic component=[PartitionProcessor] partId=1 topic-partition=test-topic
time=2026-07-30T04:57:25.419+03:00 level=INFO msg="RunCleanWorker triggered" nodeID=3 topic=test-topic component=[PartitionProcessor] partId=0 topic-partition=test-topic
time=2026-07-30T04:57:35.402+03:00 level=INFO msg="RunCleanWorker triggered" nodeID=3 topic=test-topic component=[PartitionProcessor] partId=2 topic-partition=test-topic
time=2026-07-30T04:57:35.402+03:00 level=INFO msg="RunCleanWorker triggered" nodeID=3 topic=test-topic component=[PartitionProcessor] partId=1 topic-partition=test-topic
time=2026-07-30T04:57:35.402+03:00 level=INFO msg="RunCleanWorker triggered" nodeID=3 topic=test-topic component=[PartitionProcessor] partId=0 topic-partition=test-topic
time=2026-07-30T04:57:45.403+03:00 level=INFO msg="RunCleanWorker triggered" nodeID=3 topic=test-topic component=[PartitionProcessor] partId=2 topic-partition=test-topic
time=2026-07-30T04:57:45.403+03:00 level=INFO msg="RunCleanWorker triggered" nodeID=3 topic=test-topic component=[PartitionProcessor] partId=0 topic-partition=test-topic
time=2026-07-30T04:57:45.403+03:00 level=INFO msg="RunCleanWorker triggered" nodeID=3 topic=test-topic component=[PartitionProcessor] partId=1 topic-partition=test-topic
time=2026-07-30T04:57:53.116+03:00 level=INFO msg="RunCleanWorker triggered" nodeID=3 topic=test-topic component=[PartitionProcessor] partId=0 topic-partition=test-topic
time=2026-07-30T04:57:53.116+03:00 level=INFO msg="RunCleanWorker triggered" nodeID=3 topic=test-topic component=[PartitionProcessor] partId=2 topic-partition=test-topic
time=2026-07-30T04:57:53.116+03:00 level=INFO msg="RunCleanWorker triggered" nodeID=3 topic=test-topic component=[PartitionProcessor] partId=1 topic-partition=test-topic
time=2026-07-30T04:58:03.115+03:00 level=INFO msg="RunCleanWorker triggered" nodeID=3 topic=test-topic component=[PartitionProcessor] partId=2 topic-partition=test-topic
time=2026-07-30T04:58:03.115+03:00 level=INFO msg="RunCleanWorker triggered" nodeID=3 topic=test-topic component=[PartitionProcessor] partId=1 topic-partition=test-topic
time=2026-07-30T04:58:03.115+03:00 level=INFO msg="RunCleanWorker triggered" nodeID=3 topic=test-topic component=[PartitionProcessor] partId=0 topic-partition=test-topic
time=2026-07-30T04:58:13.095+03:00 level=INFO msg="RunCleanWorker triggered" nodeID=3 topic=test-topic component=[PartitionProcessor] partId=2 topic-partition=test-topic
time=2026-07-30T04:58:13.095+03:00 level=INFO msg="RunCleanWorker triggered" nodeID=3 topic=test-topic component=[PartitionProcessor] partId=0 topic-partition=test-topic
time=2026-07-30T04:58:13.095+03:00 level=INFO msg="RunCleanWorker triggered" nodeID=3 topic=test-topic component=[PartitionProcessor] partId=1 topic-partition=test-topic
time=2026-07-30T04:58:20.849+03:00 level=INFO msg="RunCleanWorker triggered" nodeID=3 topic=test-topic component=[PartitionProcessor] partId=2 topic-partition=test-topic
time=2026-07-30T04:58:20.849+03:00 level=INFO msg="RunCleanWorker triggered" nodeID=3 topic=test-topic component=[PartitionProcessor] partId=0 topic-partition=test-topic
time=2026-07-30T04:58:20.849+03:00 level=INFO msg="RunCleanWorker triggered" nodeID=3 topic=test-topic component=[PartitionProcessor] partId=1 topic-partition=test-topic
time=2026-07-30T04:58:30.843+03:00 level=INFO msg="RunCleanWorker triggered" nodeID=3 topic=test-topic component=[PartitionProcessor] partId=0 topic-partition=test-topic
time=2026-07-30T04:58:30.843+03:00 level=INFO msg="RunCleanWorker triggered" nodeID=3 topic=test-topic component=[PartitionProcessor] partId=1 topic-partition=test-topic
time=2026-07-30T04:58:30.843+03:00 level=INFO msg="RunCleanWorker triggered" nodeID=3 topic=test-topic component=[PartitionProcessor] partId=2 topic-partition=test-topic
time=2026-07-30T04:58:40.858+03:00 level=INFO msg="RunCleanWorker triggered" nodeID=3 topic=test-topic component=[PartitionProcessor] partId=1 topic-partition=test-topic
time=2026-07-30T04:58:40.858+03:00 level=INFO msg="RunCleanWorker triggered" nodeID=3 topic=test-topic component=[PartitionProcessor] partId=0 topic-partition=test-topic
time=2026-07-30T04:58:40.858+03:00 level=INFO msg="RunCleanWorker triggered" nodeID=3 topic=test-topic component=[PartitionProcessor] partId=2 topic-partition=test-topic
time=2026-07-30T04:58:48.554+03:00 level=INFO msg="RunCleanWorker triggered" nodeID=3 topic=test-topic component=[PartitionProcessor] partId=2 topic-partition=test-topic
time=2026-07-30T04:58:48.554+03:00 level=INFO msg="RunCleanWorker triggered" nodeID=3 topic=test-topic component=[PartitionProcessor] partId=1 topic-partition=test-topic
time=2026-07-30T04:58:48.554+03:00 level=INFO msg="RunCleanWorker triggered" nodeID=3 topic=test-topic component=[PartitionProcessor] partId=0 topic-partition=test-topic
time=2026-07-30T04:58:58.561+03:00 level=INFO msg="RunCleanWorker triggered" nodeID=3 topic=test-topic component=[PartitionProcessor] partId=2 topic-partition=test-topic
time=2026-07-30T04:58:58.561+03:00 level=INFO msg="RunCleanWorker triggered" nodeID=3 topic=test-topic component=[PartitionProcessor] partId=0 topic-partition=test-topic
time=2026-07-30T04:58:58.561+03:00 level=INFO msg="RunCleanWorker triggered" nodeID=3 topic=test-topic component=[PartitionProcessor] partId=1 topic-partition=test-topic
time=2026-07-30T04:59:08.554+03:00 level=INFO msg="RunCleanWorker triggered" nodeID=3 topic=test-topic component=[PartitionProcessor] partId=0 topic-partition=test-topic
time=2026-07-30T04:59:08.554+03:00 level=INFO msg="RunCleanWorker triggered" nodeID=3 topic=test-topic component=[PartitionProcessor] partId=1 topic-partition=test-topic
time=2026-07-30T04:59:08.554+03:00 level=INFO msg="RunCleanWorker triggered" nodeID=3 topic=test-topic component=[PartitionProcessor] partId=2 topic-partition=test-topic
time=2026-07-30T04:59:16.258+03:00 level=INFO msg="RunCleanWorker triggered" nodeID=3 topic=test-topic component=[PartitionProcessor] partId=0 topic-partition=test-topic
time=2026-07-30T04:59:16.258+03:00 level=INFO msg="RunCleanWorker triggered" nodeID=3 topic=test-topic component=[PartitionProcessor] partId=2 topic-partition=test-topic
time=2026-07-30T04:59:16.258+03:00 level=INFO msg="RunCleanWorker triggered" nodeID=3 topic=test-topic component=[PartitionProcessor] partId=1 topic-partition=test-topic
time=2026-07-30T04:59:26.261+03:00 level=INFO msg="RunCleanWorker triggered" nodeID=3 topic=test-topic component=[PartitionProcessor] partId=0 topic-partition=test-topic
time=2026-07-30T04:59:26.261+03:00 level=INFO msg="RunCleanWorker triggered" nodeID=3 topic=test-topic component=[PartitionProcessor] partId=1 topic-partition=test-topic
time=2026-07-30T04:59:26.261+03:00 level=INFO msg="RunCleanWorker triggered" nodeID=3 topic=test-topic component=[PartitionProcessor] partId=2 topic-partition=test-topic
time=2026-07-30T04:59:36.281+03:00 level=INFO msg="RunCleanWorker triggered" nodeID=3 topic=test-topic component=[PartitionProcessor] partId=1 topic-partition=test-topic
time=2026-07-30T04:59:36.281+03:00 level=INFO msg="RunCleanWorker triggered" nodeID=3 topic=test-topic component=[PartitionProcessor] partId=2 topic-partition=test-topic
time=2026-07-30T04:59:36.281+03:00 level=INFO msg="RunCleanWorker triggered" nodeID=3 topic=test-topic component=[PartitionProcessor] partId=0 topic-partition=test-topic
time=2026-07-30T04:59:43.966+03:00 level=INFO msg="RunCleanWorker triggered" nodeID=3 topic=test-topic component=[PartitionProcessor] partId=2 topic-partition=test-topic
time=2026-07-30T04:59:43.966+03:00 level=INFO msg="RunCleanWorker triggered" nodeID=3 topic=test-topic component=[PartitionProcessor] partId=0 topic-partition=test-topic
time=2026-07-30T04:59:43.966+03:00 level=INFO msg="RunCleanWorker triggered" nodeID=3 topic=test-topic component=[PartitionProcessor] partId=1 topic-partition=test-topic
time=2026-07-30T04:59:53.967+03:00 level=INFO msg="RunCleanWorker triggered" nodeID=3 topic=test-topic component=[PartitionProcessor] partId=0 topic-partition=test-topic
time=2026-07-30T04:59:53.967+03:00 level=INFO msg="RunCleanWorker triggered" nodeID=3 topic=test-topic component=[PartitionProcessor] partId=2 topic-partition=test-topic
time=2026-07-30T04:59:53.967+03:00 level=INFO msg="RunCleanWorker triggered" nodeID=3 topic=test-topic component=[PartitionProcessor] partId=1 topic-partition=test-topic
time=2026-07-30T05:00:03.975+03:00 level=INFO msg="RunCleanWorker triggered" nodeID=3 topic=test-topic component=[PartitionProcessor] partId=2 topic-partition=test-topic
time=2026-07-30T05:00:03.975+03:00 level=INFO msg="RunCleanWorker triggered" nodeID=3 topic=test-topic component=[PartitionProcessor] partId=1 topic-partition=test-topic
time=2026-07-30T05:00:03.975+03:00 level=INFO msg="RunCleanWorker triggered" nodeID=3 topic=test-topic component=[PartitionProcessor] partId=0 topic-partition=test-topic
time=2026-07-30T05:00:11.699+03:00 level=INFO msg="RunCleanWorker triggered" nodeID=3 topic=test-topic component=[PartitionProcessor] partId=1 topic-partition=test-topic
time=2026-07-30T05:00:11.699+03:00 level=INFO msg="RunCleanWorker triggered" nodeID=3 topic=test-topic component=[PartitionProcessor] partId=2 topic-partition=test-topic
time=2026-07-30T05:00:11.699+03:00 level=INFO msg="RunCleanWorker triggered" nodeID=3 topic=test-topic component=[PartitionProcessor] partId=0 topic-partition=test-topic
time=2026-07-30T05:00:21.687+03:00 level=INFO msg="RunCleanWorker triggered" nodeID=3 topic=test-topic component=[PartitionProcessor] partId=0 topic-partition=test-topic
time=2026-07-30T05:00:21.687+03:00 level=INFO msg="RunCleanWorker triggered" nodeID=3 topic=test-topic component=[PartitionProcessor] partId=2 topic-partition=test-topic
time=2026-07-30T05:00:21.687+03:00 level=INFO msg="RunCleanWorker triggered" nodeID=3 topic=test-topic component=[PartitionProcessor] partId=1 topic-partition=test-topic
time=2026-07-30T05:00:31.686+03:00 level=INFO msg="RunCleanWorker triggered" nodeID=3 topic=test-topic component=[PartitionProcessor] partId=2 topic-partition=test-topic
time=2026-07-30T05:00:31.686+03:00 level=INFO msg="RunCleanWorker triggered" nodeID=3 topic=test-topic component=[PartitionProcessor] partId=0 topic-partition=test-topic
time=2026-07-30T05:00:31.686+03:00 level=INFO msg="RunCleanWorker triggered" nodeID=3 topic=test-topic component=[PartitionProcessor] partId=1 topic-partition=test-topic
time=2026-07-30T05:00:39.516+03:00 level=INFO msg="RunCleanWorker triggered" nodeID=3 topic=test-topic component=[PartitionProcessor] partId=0 topic-partition=test-topic
time=2026-07-30T05:00:39.516+03:00 level=INFO msg="RunCleanWorker triggered" nodeID=3 topic=test-topic component=[PartitionProcessor] partId=2 topic-partition=test-topic
time=2026-07-30T05:00:39.516+03:00 level=INFO msg="RunCleanWorker triggered" nodeID=3 topic=test-topic component=[PartitionProcessor] partId=1 topic-partition=test-topic
time=2026-07-30T05:00:49.509+03:00 level=INFO msg="RunCleanWorker triggered" nodeID=3 topic=test-topic component=[PartitionProcessor] partId=1 topic-partition=test-topic
time=2026-07-30T05:00:49.509+03:00 level=INFO msg="RunCleanWorker triggered" nodeID=3 topic=test-topic component=[PartitionProcessor] partId=2 topic-partition=test-topic
time=2026-07-30T05:00:49.509+03:00 level=INFO msg="RunCleanWorker triggered" nodeID=3 topic=test-topic component=[PartitionProcessor] partId=0 topic-partition=test-topic
time=2026-07-30T05:00:59.509+03:00 level=INFO msg="RunCleanWorker triggered" nodeID=3 topic=test-topic component=[PartitionProcessor] partId=1 topic-partition=test-topic
time=2026-07-30T05:00:59.509+03:00 level=INFO msg="RunCleanWorker triggered" nodeID=3 topic=test-topic component=[PartitionProcessor] partId=2 topic-partition=test-topic
time=2026-07-30T05:00:59.509+03:00 level=INFO msg="RunCleanWorker triggered" nodeID=3 topic=test-topic component=[PartitionProcessor] partId=0 topic-partition=test-topic
time=2026-07-30T05:01:07.259+03:00 level=INFO msg="RunCleanWorker triggered" nodeID=3 topic=test-topic component=[PartitionProcessor] partId=0 topic-partition=test-topic
time=2026-07-30T05:01:07.259+03:00 level=INFO msg="RunCleanWorker triggered" nodeID=3 topic=test-topic component=[PartitionProcessor] partId=2 topic-partition=test-topic
time=2026-07-30T05:01:07.259+03:00 level=INFO msg="RunCleanWorker triggered" nodeID=3 topic=test-topic component=[PartitionProcessor] partId=1 topic-partition=test-topic
time=2026-07-30T05:01:17.239+03:00 level=INFO msg="RunCleanWorker triggered" nodeID=3 topic=test-topic component=[PartitionProcessor] partId=2 topic-partition=test-topic
time=2026-07-30T05:01:17.239+03:00 level=INFO msg="RunCleanWorker triggered" nodeID=3 topic=test-topic component=[PartitionProcessor] partId=1 topic-partition=test-topic
time=2026-07-30T05:01:17.239+03:00 level=INFO msg="RunCleanWorker triggered" nodeID=3 topic=test-topic component=[PartitionProcessor] partId=0 topic-partition=test-topic
time=2026-07-30T05:01:27.240+03:00 level=INFO msg="RunCleanWorker triggered" nodeID=3 topic=test-topic component=[PartitionProcessor] partId=2 topic-partition=test-topic
time=2026-07-30T05:01:27.240+03:00 level=INFO msg="RunCleanWorker triggered" nodeID=3 topic=test-topic component=[PartitionProcessor] partId=1 topic-partition=test-topic
time=2026-07-30T05:01:27.240+03:00 level=INFO msg="RunCleanWorker triggered" nodeID=3 topic=test-topic component=[PartitionProcessor] partId=0 topic-partition=test-topic
time=2026-07-30T05:01:34.946+03:00 level=INFO msg="RunCleanWorker triggered" nodeID=3 topic=test-topic component=[PartitionProcessor] partId=0 topic-partition=test-topic
time=2026-07-30T05:01:34.946+03:00 level=INFO msg="RunCleanWorker triggered" nodeID=3 topic=test-topic component=[PartitionProcessor] partId=1 topic-partition=test-topic
time=2026-07-30T05:01:34.946+03:00 level=INFO msg="RunCleanWorker triggered" nodeID=3 topic=test-topic component=[PartitionProcessor] partId=2 topic-partition=test-topic
time=2026-07-30T05:01:42.399+03:00 level=ERROR msg="[КЛАСТЕР] >>> Нода ПОДКЛЮЧИЛАСЬ: ID=2, Адрес=127.0.0.1:6091\n" nodeID=3
time=2026-07-30T05:01:42.399+03:00 level=INFO msg="registered cluster peer" nodeID=3 peerID=2 addr=127.0.0.1:6091
time=2026-07-30T05:01:42.405+03:00 level=ERROR msg="[КЛАСТЕР] ↺ Нода ОБНОВИЛА данные: ID=2, Новый адрес=127.0.0.1:6091\n" nodeID=3
time=2026-07-30T05:01:44.542+03:00 level=INFO msg="[Controller] reconcile: назначена новая реплика на партицию" nodeID=3 topic=test-topic partition=0 newReplica=2
time=2026-07-30T05:01:44.542+03:00 level=INFO msg="[TopicWatcher] Изменение топика" nodeID=3 topic=test-topic version=11
time=2026-07-30T05:01:44.549+03:00 level=INFO msg="[TopicWatcher] Изменение топика" nodeID=3 topic=test-topic version=12
time=2026-07-30T05:01:44.549+03:00 level=INFO msg="[Controller] reconcile: назначена новая реплика на партицию" nodeID=3 topic=test-topic partition=1 newReplica=2
time=2026-07-30T05:01:44.552+03:00 level=INFO msg="[TopicWatcher] Изменение топика" nodeID=3 topic=test-topic version=13
time=2026-07-30T05:01:44.555+03:00 level=INFO msg="[Controller] reconcile: назначена новая реплика на партицию" nodeID=3 topic=test-topic partition=2 newReplica=2
time=2026-07-30T05:01:44.555+03:00 level=INFO msg="[TopicWatcher] Изменение топика" nodeID=3 topic=test-topic version=14
time=2026-07-30T05:01:44.559+03:00 level=INFO msg="[TopicWatcher] Изменение топика" nodeID=3 topic=test-topic version=15
time=2026-07-30T05:01:44.947+03:00 level=INFO msg="RunCleanWorker triggered" nodeID=3 topic=test-topic component=[PartitionProcessor] partId=2 topic-partition=test-topic
time=2026-07-30T05:01:44.947+03:00 level=INFO msg="RunCleanWorker triggered" nodeID=3 topic=test-topic component=[PartitionProcessor] partId=0 topic-partition=test-topic
time=2026-07-30T05:01:44.947+03:00 level=INFO msg="RunCleanWorker triggered" nodeID=3 topic=test-topic component=[PartitionProcessor] partId=1 topic-partition=test-topic
time=2026-07-30T05:01:54.924+03:00 level=INFO msg="RunCleanWorker triggered" nodeID=3 topic=test-topic component=[PartitionProcessor] partId=2 topic-partition=test-topic
time=2026-07-30T05:01:54.924+03:00 level=INFO msg="RunCleanWorker triggered" nodeID=3 topic=test-topic component=[PartitionProcessor] partId=0 topic-partition=test-topic
time=2026-07-30T05:01:54.924+03:00 level=INFO msg="RunCleanWorker triggered" nodeID=3 topic=test-topic component=[PartitionProcessor] partId=1 topic-partition=test-topic
time=2026-07-30T05:02:02.679+03:00 level=INFO msg="RunCleanWorker triggered" nodeID=3 topic=test-topic component=[PartitionProcessor] partId=0 topic-partition=test-topic
time=2026-07-30T05:02:02.679+03:00 level=INFO msg="RunCleanWorker triggered" nodeID=3 topic=test-topic component=[PartitionProcessor] partId=2 topic-partition=test-topic
time=2026-07-30T05:02:02.680+03:00 level=INFO msg="RunCleanWorker triggered" nodeID=3 topic=test-topic component=[PartitionProcessor] partId=1 topic-partition=test-topic
time=2026-07-30T05:02:12.680+03:00 level=INFO msg="RunCleanWorker triggered" nodeID=3 topic=test-topic component=[PartitionProcessor] partId=0 topic-partition=test-topic
time=2026-07-30T05:02:12.680+03:00 level=INFO msg="RunCleanWorker triggered" nodeID=3 topic=test-topic component=[PartitionProcessor] partId=1 topic-partition=test-topic
time=2026-07-30T05:02:12.680+03:00 level=INFO msg="RunCleanWorker triggered" nodeID=3 topic=test-topic component=[PartitionProcessor] partId=2 topic-partition=test-topic
time=2026-07-30T05:02:22.691+03:00 level=INFO msg="RunCleanWorker triggered" nodeID=3 topic=test-topic component=[PartitionProcessor] partId=2 topic-partition=test-topic
time=2026-07-30T05:02:22.691+03:00 level=INFO msg="RunCleanWorker triggered" nodeID=3 topic=test-topic component=[PartitionProcessor] partId=0 topic-partition=test-topic
time=2026-07-30T05:02:22.691+03:00 level=INFO msg="RunCleanWorker triggered" nodeID=3 topic=test-topic component=[PartitionProcessor] partId=1 topic-partition=test-topic
time=2026-07-30T05:02:30.392+03:00 level=INFO msg="RunCleanWorker triggered" nodeID=3 topic=test-topic component=[PartitionProcessor] partId=0 topic-partition=test-topic
time=2026-07-30T05:02:30.392+03:00 level=INFO msg="RunCleanWorker triggered" nodeID=3 topic=test-topic component=[PartitionProcessor] partId=1 topic-partition=test-topic
time=2026-07-30T05:02:30.392+03:00 level=INFO msg="RunCleanWorker triggered" nodeID=3 topic=test-topic component=[PartitionProcessor] partId=2 topic-partition=test-topic
time=2026-07-30T05:02:40.399+03:00 level=INFO msg="RunCleanWorker triggered" nodeID=3 topic=test-topic component=[PartitionProcessor] partId=1 topic-partition=test-topic
time=2026-07-30T05:02:40.399+03:00 level=INFO msg="RunCleanWorker triggered" nodeID=3 topic=test-topic component=[PartitionProcessor] partId=2 topic-partition=test-topic
time=2026-07-30T05:02:40.399+03:00 level=INFO msg="RunCleanWorker triggered" nodeID=3 topic=test-topic component=[PartitionProcessor] partId=0 topic-partition=test-topic
time=2026-07-30T05:02:50.414+03:00 level=INFO msg="RunCleanWorker triggered" nodeID=3 topic=test-topic component=[PartitionProcessor] partId=0 topic-partition=test-topic
time=2026-07-30T05:02:50.414+03:00 level=INFO msg="RunCleanWorker triggered" nodeID=3 topic=test-topic component=[PartitionProcessor] partId=2 topic-partition=test-topic
time=2026-07-30T05:02:50.414+03:00 level=INFO msg="RunCleanWorker triggered" nodeID=3 topic=test-topic component=[PartitionProcessor] partId=1 topic-partition=test-topic
time=2026-07-30T05:02:58.076+03:00 level=INFO msg="RunCleanWorker triggered" nodeID=3 topic=test-topic component=[PartitionProcessor] partId=2 topic-partition=test-topic
time=2026-07-30T05:02:58.076+03:00 level=INFO msg="RunCleanWorker triggered" nodeID=3 topic=test-topic component=[PartitionProcessor] partId=0 topic-partition=test-topic
time=2026-07-30T05:02:58.076+03:00 level=INFO msg="RunCleanWorker triggered" nodeID=3 topic=test-topic component=[PartitionProcessor] partId=1 topic-partition=test-topic
time=2026-07-30T05:03:08.068+03:00 level=INFO msg="RunCleanWorker triggered" nodeID=3 topic=test-topic component=[PartitionProcessor] partId=2 topic-partition=test-topic
time=2026-07-30T05:03:08.068+03:00 level=INFO msg="RunCleanWorker triggered" nodeID=3 topic=test-topic component=[PartitionProcessor] partId=0 topic-partition=test-topic
time=2026-07-30T05:03:08.068+03:00 level=INFO msg="RunCleanWorker triggered" nodeID=3 topic=test-topic component=[PartitionProcessor] partId=1 topic-partition=test-topic
time=2026-07-30T05:03:18.071+03:00 level=INFO msg="RunCleanWorker triggered" nodeID=3 topic=test-topic component=[PartitionProcessor] partId=2 topic-partition=test-topic
time=2026-07-30T05:03:18.071+03:00 level=INFO msg="RunCleanWorker triggered" nodeID=3 topic=test-topic component=[PartitionProcessor] partId=0 topic-partition=test-topic
time=2026-07-30T05:03:18.071+03:00 level=INFO msg="RunCleanWorker triggered" nodeID=3 topic=test-topic component=[PartitionProcessor] partId=1 topic-partition=test-topic
time=2026-07-30T05:03:25.837+03:00 level=INFO msg="RunCleanWorker triggered" nodeID=3 topic=test-topic component=[PartitionProcessor] partId=0 topic-partition=test-topic
time=2026-07-30T05:03:25.837+03:00 level=INFO msg="RunCleanWorker triggered" nodeID=3 topic=test-topic component=[PartitionProcessor] partId=2 topic-partition=test-topic
time=2026-07-30T05:03:25.837+03:00 level=INFO msg="RunCleanWorker triggered" nodeID=3 topic=test-topic component=[PartitionProcessor] partId=1 topic-partition=test-topic
time=2026-07-30T05:03:35.832+03:00 level=INFO msg="RunCleanWorker triggered" nodeID=3 topic=test-topic component=[PartitionProcessor] partId=0 topic-partition=test-topic
time=2026-07-30T05:03:35.832+03:00 level=INFO msg="RunCleanWorker triggered" nodeID=3 topic=test-topic component=[PartitionProcessor] partId=1 topic-partition=test-topic
time=2026-07-30T05:03:35.832+03:00 level=INFO msg="RunCleanWorker triggered" nodeID=3 topic=test-topic component=[PartitionProcessor] partId=2 topic-partition=test-topic
time=2026-07-30T05:03:45.834+03:00 level=INFO msg="RunCleanWorker triggered" nodeID=3 topic=test-topic component=[PartitionProcessor] partId=2 topic-partition=test-topic
time=2026-07-30T05:03:45.835+03:00 level=INFO msg="RunCleanWorker triggered" nodeID=3 topic=test-topic component=[PartitionProcessor] partId=0 topic-partition=test-topic
time=2026-07-30T05:03:45.835+03:00 level=INFO msg="RunCleanWorker triggered" nodeID=3 topic=test-topic component=[PartitionProcessor] partId=1 topic-partition=test-topic
time=2026-07-30T05:03:53.561+03:00 level=INFO msg="RunCleanWorker triggered" nodeID=3 topic=test-topic component=[PartitionProcessor] partId=1 topic-partition=test-topic
time=2026-07-30T05:03:53.561+03:00 level=INFO msg="RunCleanWorker triggered" nodeID=3 topic=test-topic component=[PartitionProcessor] partId=2 topic-partition=test-topic
time=2026-07-30T05:03:53.561+03:00 level=INFO msg="RunCleanWorker triggered" nodeID=3 topic=test-topic component=[PartitionProcessor] partId=0 topic-partition=test-topic
time=2026-07-30T05:04:03.587+03:00 level=INFO msg="RunCleanWorker triggered" nodeID=3 topic=test-topic component=[PartitionProcessor] partId=2 topic-partition=test-topic
time=2026-07-30T05:04:03.587+03:00 level=INFO msg="RunCleanWorker triggered" nodeID=3 topic=test-topic component=[PartitionProcessor] partId=0 topic-partition=test-topic
time=2026-07-30T05:04:03.587+03:00 level=INFO msg="RunCleanWorker triggered" nodeID=3 topic=test-topic component=[PartitionProcessor] partId=1 topic-partition=test-topic
time=2026-07-30T05:04:13.563+03:00 level=INFO msg="RunCleanWorker triggered" nodeID=3 topic=test-topic component=[PartitionProcessor] partId=0 topic-partition=test-topic
time=2026-07-30T05:04:13.563+03:00 level=INFO msg="RunCleanWorker triggered" nodeID=3 topic=test-topic component=[PartitionProcessor] partId=1 topic-partition=test-topic
time=2026-07-30T05:04:13.563+03:00 level=INFO msg="RunCleanWorker triggered" nodeID=3 topic=test-topic component=[PartitionProcessor] partId=2 topic-partition=test-topic
time=2026-07-30T05:04:21.266+03:00 level=INFO msg="RunCleanWorker triggered" nodeID=3 topic=test-topic component=[PartitionProcessor] partId=2 topic-partition=test-topic
time=2026-07-30T05:04:21.266+03:00 level=INFO msg="RunCleanWorker triggered" nodeID=3 topic=test-topic component=[PartitionProcessor] partId=1 topic-partition=test-topic
time=2026-07-30T05:04:21.266+03:00 level=INFO msg="RunCleanWorker triggered" nodeID=3 topic=test-topic component=[PartitionProcessor] partId=0 topic-partition=test-topic
time=2026-07-30T05:04:31.278+03:00 level=INFO msg="RunCleanWorker triggered" nodeID=3 topic=test-topic component=[PartitionProcessor] partId=2 topic-partition=test-topic
time=2026-07-30T05:04:31.278+03:00 level=INFO msg="RunCleanWorker triggered" nodeID=3 topic=test-topic component=[PartitionProcessor] partId=0 topic-partition=test-topic
time=2026-07-30T05:04:31.278+03:00 level=INFO msg="RunCleanWorker triggered" nodeID=3 topic=test-topic component=[PartitionProcessor] partId=1 topic-partition=test-topic
time=2026-07-30T05:04:41.266+03:00 level=INFO msg="RunCleanWorker triggered" nodeID=3 topic=test-topic component=[PartitionProcessor] partId=0 topic-partition=test-topic
time=2026-07-30T05:04:41.266+03:00 level=INFO msg="RunCleanWorker triggered" nodeID=3 topic=test-topic component=[PartitionProcessor] partId=1 topic-partition=test-topic
time=2026-07-30T05:04:41.266+03:00 level=INFO msg="RunCleanWorker triggered" nodeID=3 topic=test-topic component=[PartitionProcessor] partId=2 topic-partition=test-topic
time=2026-07-30T05:04:48.981+03:00 level=INFO msg="RunCleanWorker triggered" nodeID=3 topic=test-topic component=[PartitionProcessor] partId=2 topic-partition=test-topic
time=2026-07-30T05:04:48.981+03:00 level=INFO msg="RunCleanWorker triggered" nodeID=3 topic=test-topic component=[PartitionProcessor] partId=1 topic-partition=test-topic
time=2026-07-30T05:04:48.981+03:00 level=INFO msg="RunCleanWorker triggered" nodeID=3 topic=test-topic component=[PartitionProcessor] partId=0 topic-partition=test-topic
time=2026-07-30T05:04:58.981+03:00 level=INFO msg="RunCleanWorker triggered" nodeID=3 topic=test-topic component=[PartitionProcessor] partId=2 topic-partition=test-topic
time=2026-07-30T05:04:58.981+03:00 level=INFO msg="RunCleanWorker triggered" nodeID=3 topic=test-topic component=[PartitionProcessor] partId=1 topic-partition=test-topic
time=2026-07-30T05:04:58.981+03:00 level=INFO msg="RunCleanWorker triggered" nodeID=3 topic=test-topic component=[PartitionProcessor] partId=0 topic-partition=test-topic
time=2026-07-30T05:05:08.981+03:00 level=INFO msg="RunCleanWorker triggered" nodeID=3 topic=test-topic component=[PartitionProcessor] partId=0 topic-partition=test-topic
time=2026-07-30T05:05:08.981+03:00 level=INFO msg="RunCleanWorker triggered" nodeID=3 topic=test-topic component=[PartitionProcessor] partId=2 topic-partition=test-topic
time=2026-07-30T05:05:08.981+03:00 level=INFO msg="RunCleanWorker triggered" nodeID=3 topic=test-topic component=[PartitionProcessor] partId=1 topic-partition=test-topic
time=2026-07-30T05:05:16.666+03:00 level=INFO msg="RunCleanWorker triggered" nodeID=3 topic=test-topic component=[PartitionProcessor] partId=2 topic-partition=test-topic
time=2026-07-30T05:05:16.666+03:00 level=INFO msg="RunCleanWorker triggered" nodeID=3 topic=test-topic component=[PartitionProcessor] partId=1 topic-partition=test-topic
time=2026-07-30T05:05:16.666+03:00 level=INFO msg="RunCleanWorker triggered" nodeID=3 topic=test-topic component=[PartitionProcessor] partId=0 topic-partition=test-topic
time=2026-07-30T05:05:26.691+03:00 level=INFO msg="RunCleanWorker triggered" nodeID=3 topic=test-topic component=[PartitionProcessor] partId=2 topic-partition=test-topic
time=2026-07-30T05:05:26.691+03:00 level=INFO msg="RunCleanWorker triggered" nodeID=3 topic=test-topic component=[PartitionProcessor] partId=1 topic-partition=test-topic
time=2026-07-30T05:05:26.691+03:00 level=INFO msg="RunCleanWorker triggered" nodeID=3 topic=test-topic component=[PartitionProcessor] partId=0 topic-partition=test-topic
time=2026-07-30T05:05:36.668+03:00 level=INFO msg="RunCleanWorker triggered" nodeID=3 topic=test-topic component=[PartitionProcessor] partId=2 topic-partition=test-topic
time=2026-07-30T05:05:36.668+03:00 level=INFO msg="RunCleanWorker triggered" nodeID=3 topic=test-topic component=[PartitionProcessor] partId=0 topic-partition=test-topic
time=2026-07-30T05:05:36.668+03:00 level=INFO msg="RunCleanWorker triggered" nodeID=3 topic=test-topic component=[PartitionProcessor] partId=1 topic-partition=test-topic
time=2026-07-30T05:05:45.407+03:00 level=INFO msg="received shutdown signal" nodeID=3 signal=terminated
time=2026-07-30T05:05:45.407+03:00 level=INFO msg="initiating graceful shutdown..." nodeID=3
time=2026-07-30T05:05:45.407+03:00 level=INFO msg="waiting for active tasks to complete..." nodeID=3
time=2026-07-30T05:05:45.407+03:00 level=INFO msg="all active tasks finished" nodeID=3
time=2026-07-30T05:05:45.407+03:00 level=INFO msg="flushing topics state to mongodb..." nodeID=3
time=2026-07-30T05:05:45.407+03:00 level=INFO msg="graceful shutdown successfully completed" nodeID=3
time=2026-07-30T05:05:45.407+03:00 level=INFO msg="closing mongodb connection..." nodeID=3
time=2026-07-30T05:05:45.407+03:00 level=INFO msg="broker stopped cleanly. Bye!" nodeID=3
time=2026-07-30T05:05:45.407+03:00 level=WARN msg="[Discovery] Сессия etcd потеряна!" nodeID=3 component=NodeCoordinator nodeKey=/kafka/nodes/3
time=2026-07-30T05:05:45.407+03:00 level=WARN msg="[Coordinator] Обнаружена потеря сессии etcd! Запускаем аварийный режим." nodeID=3 component=NodeCoordinator
time=2026-07-30T05:05:45.407+03:00 level=ERROR msg="Node goes to cluster paused" nodeID=3 component=NodeCoordinator
{"level":"warn","ts":"2026-07-30T05:05:45.408014+0300","logger":"etcd-client","caller":"v3@v3.7.0/retry_interceptor.go:68","msg":"retrying of unary invoker failed","target":"etcd-endpoints://0x353ac3618600/127.0.0.1:2379","peer":"Peer{Addr: '127.0.0.1:2379', LocalAddr: '127.0.0.1:52032', AuthInfo: 'insecure'}","method":"/etcdserverpb.KV/Put","attempt":0,"error":"rpc error: code = Canceled desc = grpc: the client connection is closing"}
